com/example/spaceinvaders/controller/TipoNaveController.class
com/example/spaceinvaders/model/DTO/UsuarioDTO.class
com/example/spaceinvaders/services/NaveService.class
com/example/spaceinvaders/exceptions/UnableToDeletePlanetaException.class
com/example/spaceinvaders/model/Producto.class
com/example/spaceinvaders/repository/StockPlanetaRepository.class
com/example/spaceinvaders/repository/NaveRepository.class
com/example/spaceinvaders/controller/PlanetaController.class
com/example/spaceinvaders/services/CaminoService.class
com/example/spaceinvaders/repository/TipoNaveRepository.class
com/example/spaceinvaders/controller/EstrellaController.class
com/example/spaceinvaders/model/DTO/JugadorLogInDTO.class
com/example/spaceinvaders/model/Planeta.class
com/example/spaceinvaders/model/Jugador.class
com/example/spaceinvaders/controller/olds/StockProductoControllerOld.class
com/example/spaceinvaders/model/DTO/CompraVentaDTO.class
com/example/spaceinvaders/controller/Operation.class
com/example/spaceinvaders/SpaceinvadersApplication.class
com/example/spaceinvaders/controller/olds/IndexControlerOld.class
com/example/spaceinvaders/services/EstrellaService.class
com/example/spaceinvaders/services/ProductoService.class
com/example/spaceinvaders/services/JugadorService.class
com/example/spaceinvaders/controller/olds/AvatarControllerOld.class
com/example/spaceinvaders/model/Camino.class
com/example/spaceinvaders/model/DTO/TripulacionDTO.class
com/example/spaceinvaders/controller/olds/ProductoControlerOld.class
com/example/spaceinvaders/controller/olds/Valid.class
com/example/spaceinvaders/init/DBInitializer.class
com/example/spaceinvaders/model/DTO/PatchRolNave.class
com/example/spaceinvaders/services/ProductoBodegaService.class
com/example/spaceinvaders/controller/olds/EstrellaControllerOld.class
com/example/spaceinvaders/controller/ProductoController.class
com/example/spaceinvaders/model/Estrella.class
com/example/spaceinvaders/repository/PlanetaRepository.class
com/example/spaceinvaders/exceptions/OutOfLimitsException.class
com/example/spaceinvaders/exceptions/RepeatedCoordinateException.class
com/example/spaceinvaders/controller/StockProductoController.class
com/example/spaceinvaders/repository/AvatarRepository.class
com/example/spaceinvaders/controller/NaveController.class
com/example/spaceinvaders/model/DTO/EstrellaDTO.class
com/example/spaceinvaders/controller/olds/TipoNaveControllerOld.class
com/example/spaceinvaders/exceptions/RepeatedNameException.class
com/example/spaceinvaders/repository/ProductoBodegaRepository.class
com/example/spaceinvaders/controller/CaminoController.class
com/example/spaceinvaders/model/ProductoBodega.class
com/example/spaceinvaders/controller/olds/PlanetaControllerOld.class
com/example/spaceinvaders/controller/TransaccionController.class
com/example/spaceinvaders/model/Stock_planeta.class
com/example/spaceinvaders/controller/olds/ProductoBodegaControllerOld.class
com/example/spaceinvaders/services/TipoNaveService.class
com/example/spaceinvaders/controller/AvatarController.class
com/example/spaceinvaders/repository/EstrellaRepository.class
com/example/spaceinvaders/model/TipoNave.class
com/example/spaceinvaders/model/Avatar.class
com/example/spaceinvaders/model/Nave.class
com/example/spaceinvaders/repository/ProductoRepository.class
com/example/spaceinvaders/model/DTO/NaveDTO.class
com/example/spaceinvaders/services/AvatarService.class
com/example/spaceinvaders/repository/JugadorRepository.class
com/example/spaceinvaders/exceptions/RepeatedStockException.class
com/example/spaceinvaders/repository/CaminoRepository.class
com/example/spaceinvaders/model/DTO/ProductoDTO.class
com/example/spaceinvaders/services/StockPlanetaService.class
com/example/spaceinvaders/exceptions/MyCustomErrorController.class
com/example/spaceinvaders/exceptions/UnableToDeleteJugadorException.class
com/example/spaceinvaders/controller/ProductoBodegaController.class
com/example/spaceinvaders/model/DTO/RegistroDTO.class
com/example/spaceinvaders/controller/olds/NaveControllerOld.class
com/example/spaceinvaders/controller/olds/JugadorControllerOld.class
com/example/spaceinvaders/services/PlanetaService.class
com/example/spaceinvaders/exceptions/NotNullException.class
com/example/spaceinvaders/controller/Content.class
com/example/spaceinvaders/controller/JugadorController.class
