/Users/sophiaaristizabal/Documents/GitHub/SPProyectoWeb/spaceinvaders/src/main/java/com/example/spaceinvaders/controller/olds/NaveControllerOld.java
/Users/sophiaaristizabal/Documents/GitHub/SPProyectoWeb/spaceinvaders/src/main/java/com/example/spaceinvaders/model/DTO/CompraVentaDTO.java
/Users/sophiaaristizabal/Documents/GitHub/SPProyectoWeb/spaceinvaders/src/main/java/com/example/spaceinvaders/services/StockPlanetaService.java
/Users/sophiaaristizabal/Documents/GitHub/SPProyectoWeb/spaceinvaders/src/main/java/com/example/spaceinvaders/exceptions/NotNullException.java
/Users/sophiaaristizabal/Documents/GitHub/SPProyectoWeb/spaceinvaders/src/main/java/com/example/spaceinvaders/controller/StockProductoController.java
/Users/sophiaaristizabal/Documents/GitHub/SPProyectoWeb/spaceinvaders/src/main/java/com/example/spaceinvaders/model/DTO/TripulacionDTO.java
/Users/sophiaaristizabal/Documents/GitHub/SPProyectoWeb/spaceinvaders/src/main/java/com/example/spaceinvaders/services/JugadorService.java
/Users/sophiaaristizabal/Documents/GitHub/SPProyectoWeb/spaceinvaders/src/main/java/com/example/spaceinvaders/services/CaminoService.java
/Users/sophiaaristizabal/Documents/GitHub/SPProyectoWeb/spaceinvaders/src/main/java/com/example/spaceinvaders/exceptions/RepeatedStockException.java
/Users/sophiaaristizabal/Documents/GitHub/SPProyectoWeb/spaceinvaders/src/main/java/com/example/spaceinvaders/model/DTO/productoBodegaDTO.java
/Users/sophiaaristizabal/Documents/GitHub/SPProyectoWeb/spaceinvaders/src/main/java/com/example/spaceinvaders/model/Jugador.java
/Users/sophiaaristizabal/Documents/GitHub/SPProyectoWeb/spaceinvaders/src/main/java/com/example/spaceinvaders/exceptions/MyCustomErrorController.java
/Users/sophiaaristizabal/Documents/GitHub/SPProyectoWeb/spaceinvaders/src/main/java/com/example/spaceinvaders/controller/Operation.java
/Users/sophiaaristizabal/Documents/GitHub/SPProyectoWeb/spaceinvaders/src/main/java/com/example/spaceinvaders/model/Producto.java
/Users/sophiaaristizabal/Documents/GitHub/SPProyectoWeb/spaceinvaders/src/main/java/com/example/spaceinvaders/controller/olds/AvatarControllerOld.java
/Users/sophiaaristizabal/Documents/GitHub/SPProyectoWeb/spaceinvaders/src/main/java/com/example/spaceinvaders/controller/Content.java
/Users/sophiaaristizabal/Documents/GitHub/SPProyectoWeb/spaceinvaders/src/main/java/com/example/spaceinvaders/exceptions/UnableToDeleteJugadorException.java
/Users/sophiaaristizabal/Documents/GitHub/SPProyectoWeb/spaceinvaders/src/main/java/com/example/spaceinvaders/model/Camino.java
/Users/sophiaaristizabal/Documents/GitHub/SPProyectoWeb/spaceinvaders/src/main/java/com/example/spaceinvaders/model/DTO/EstrellaDTO.java
/Users/sophiaaristizabal/Documents/GitHub/SPProyectoWeb/spaceinvaders/src/main/java/com/example/spaceinvaders/services/ProductoBodegaService.java
/Users/sophiaaristizabal/Documents/GitHub/SPProyectoWeb/spaceinvaders/src/main/java/com/example/spaceinvaders/controller/olds/IndexControlerOld.java
/Users/sophiaaristizabal/Documents/GitHub/SPProyectoWeb/spaceinvaders/src/main/java/com/example/spaceinvaders/controller/PlanetaController.java
/Users/sophiaaristizabal/Documents/GitHub/SPProyectoWeb/spaceinvaders/src/main/java/com/example/spaceinvaders/services/ProductoService.java
/Users/sophiaaristizabal/Documents/GitHub/SPProyectoWeb/spaceinvaders/src/main/java/com/example/spaceinvaders/controller/olds/PlanetaControllerOld.java
/Users/sophiaaristizabal/Documents/GitHub/SPProyectoWeb/spaceinvaders/src/main/java/com/example/spaceinvaders/services/EstrellaService.java
/Users/sophiaaristizabal/Documents/GitHub/SPProyectoWeb/spaceinvaders/src/main/java/com/example/spaceinvaders/SpaceinvadersApplication.java
/Users/sophiaaristizabal/Documents/GitHub/SPProyectoWeb/spaceinvaders/src/main/java/com/example/spaceinvaders/controller/JugadorController.java
/Users/sophiaaristizabal/Documents/GitHub/SPProyectoWeb/spaceinvaders/src/main/java/com/example/spaceinvaders/controller/olds/JugadorControllerOld.java
/Users/sophiaaristizabal/Documents/GitHub/SPProyectoWeb/spaceinvaders/src/main/java/com/example/spaceinvaders/exceptions/OutOfLimitsException.java
/Users/sophiaaristizabal/Documents/GitHub/SPProyectoWeb/spaceinvaders/src/main/java/com/example/spaceinvaders/controller/olds/ProductoBodegaControllerOld.java
/Users/sophiaaristizabal/Documents/GitHub/SPProyectoWeb/spaceinvaders/src/main/java/com/example/spaceinvaders/repository/ProductoBodegaRepository.java
/Users/sophiaaristizabal/Documents/GitHub/SPProyectoWeb/spaceinvaders/src/main/java/com/example/spaceinvaders/model/Nave.java
/Users/sophiaaristizabal/Documents/GitHub/SPProyectoWeb/spaceinvaders/src/main/java/com/example/spaceinvaders/repository/EstrellaRepository.java
/Users/sophiaaristizabal/Documents/GitHub/SPProyectoWeb/spaceinvaders/src/main/java/com/example/spaceinvaders/model/Planeta.java
/Users/sophiaaristizabal/Documents/GitHub/SPProyectoWeb/spaceinvaders/src/main/java/com/example/spaceinvaders/repository/CaminoRepository.java
/Users/sophiaaristizabal/Documents/GitHub/SPProyectoWeb/spaceinvaders/src/main/java/com/example/spaceinvaders/controller/EstrellaController.java
/Users/sophiaaristizabal/Documents/GitHub/SPProyectoWeb/spaceinvaders/src/main/java/com/example/spaceinvaders/controller/olds/EstrellaControllerOld.java
/Users/sophiaaristizabal/Documents/GitHub/SPProyectoWeb/spaceinvaders/src/main/java/com/example/spaceinvaders/model/DTO/RespuestaTransaccionDTO.java
/Users/sophiaaristizabal/Documents/GitHub/SPProyectoWeb/spaceinvaders/src/main/java/com/example/spaceinvaders/exceptions/RepeatedNameException.java
/Users/sophiaaristizabal/Documents/GitHub/SPProyectoWeb/spaceinvaders/src/main/java/com/example/spaceinvaders/controller/olds/Valid.java
/Users/sophiaaristizabal/Documents/GitHub/SPProyectoWeb/spaceinvaders/src/main/java/com/example/spaceinvaders/init/DBInitializer.java
/Users/sophiaaristizabal/Documents/GitHub/SPProyectoWeb/spaceinvaders/src/main/java/com/example/spaceinvaders/controller/olds/ProductoControlerOld.java
/Users/sophiaaristizabal/Documents/GitHub/SPProyectoWeb/spaceinvaders/src/main/java/com/example/spaceinvaders/repository/ProductoRepository.java
/Users/sophiaaristizabal/Documents/GitHub/SPProyectoWeb/spaceinvaders/src/main/java/com/example/spaceinvaders/model/DTO/ProductoDTO.java
/Users/sophiaaristizabal/Documents/GitHub/SPProyectoWeb/spaceinvaders/src/main/java/com/example/spaceinvaders/model/DTO/RegistroDTO.java
/Users/sophiaaristizabal/Documents/GitHub/SPProyectoWeb/spaceinvaders/src/main/java/com/example/spaceinvaders/model/TipoNave.java
/Users/sophiaaristizabal/Documents/GitHub/SPProyectoWeb/spaceinvaders/src/main/java/com/example/spaceinvaders/controller/NaveController.java
/Users/sophiaaristizabal/Documents/GitHub/SPProyectoWeb/spaceinvaders/src/main/java/com/example/spaceinvaders/model/ProductoBodega.java
/Users/sophiaaristizabal/Documents/GitHub/SPProyectoWeb/spaceinvaders/src/main/java/com/example/spaceinvaders/controller/TipoNaveController.java
/Users/sophiaaristizabal/Documents/GitHub/SPProyectoWeb/spaceinvaders/src/main/java/com/example/spaceinvaders/repository/TipoNaveRepository.java
/Users/sophiaaristizabal/Documents/GitHub/SPProyectoWeb/spaceinvaders/src/main/java/com/example/spaceinvaders/repository/AvatarRepository.java
/Users/sophiaaristizabal/Documents/GitHub/SPProyectoWeb/spaceinvaders/src/main/java/com/example/spaceinvaders/model/Estrella.java
/Users/sophiaaristizabal/Documents/GitHub/SPProyectoWeb/spaceinvaders/src/main/java/com/example/spaceinvaders/services/PlanetaService.java
/Users/sophiaaristizabal/Documents/GitHub/SPProyectoWeb/spaceinvaders/src/main/java/com/example/spaceinvaders/model/DTO/UsuarioDTO.java
/Users/sophiaaristizabal/Documents/GitHub/SPProyectoWeb/spaceinvaders/src/main/java/com/example/spaceinvaders/repository/PlanetaRepository.java
/Users/sophiaaristizabal/Documents/GitHub/SPProyectoWeb/spaceinvaders/src/main/java/com/example/spaceinvaders/exceptions/UnableToDeletePlanetaException.java
/Users/sophiaaristizabal/Documents/GitHub/SPProyectoWeb/spaceinvaders/src/main/java/com/example/spaceinvaders/repository/NaveRepository.java
/Users/sophiaaristizabal/Documents/GitHub/SPProyectoWeb/spaceinvaders/src/main/java/com/example/spaceinvaders/model/Stock_planeta.java
/Users/sophiaaristizabal/Documents/GitHub/SPProyectoWeb/spaceinvaders/src/main/java/com/example/spaceinvaders/exceptions/RepeatedCoordinateException.java
/Users/sophiaaristizabal/Documents/GitHub/SPProyectoWeb/spaceinvaders/src/main/java/com/example/spaceinvaders/model/Avatar.java
/Users/sophiaaristizabal/Documents/GitHub/SPProyectoWeb/spaceinvaders/src/main/java/com/example/spaceinvaders/model/DTO/JugadorLogInDTO.java
/Users/sophiaaristizabal/Documents/GitHub/SPProyectoWeb/spaceinvaders/src/main/java/com/example/spaceinvaders/services/NaveService.java
/Users/sophiaaristizabal/Documents/GitHub/SPProyectoWeb/spaceinvaders/src/main/java/com/example/spaceinvaders/controller/CaminoController.java
/Users/sophiaaristizabal/Documents/GitHub/SPProyectoWeb/spaceinvaders/src/main/java/com/example/spaceinvaders/services/AvatarService.java
/Users/sophiaaristizabal/Documents/GitHub/SPProyectoWeb/spaceinvaders/src/main/java/com/example/spaceinvaders/repository/StockPlanetaRepository.java
/Users/sophiaaristizabal/Documents/GitHub/SPProyectoWeb/spaceinvaders/src/main/java/com/example/spaceinvaders/repository/JugadorRepository.java
/Users/sophiaaristizabal/Documents/GitHub/SPProyectoWeb/spaceinvaders/src/main/java/com/example/spaceinvaders/controller/ProductoBodegaController.java
/Users/sophiaaristizabal/Documents/GitHub/SPProyectoWeb/spaceinvaders/src/main/java/com/example/spaceinvaders/model/DTO/PatchRolNave.java
/Users/sophiaaristizabal/Documents/GitHub/SPProyectoWeb/spaceinvaders/src/main/java/com/example/spaceinvaders/controller/TransaccionController.java
/Users/sophiaaristizabal/Documents/GitHub/SPProyectoWeb/spaceinvaders/src/main/java/com/example/spaceinvaders/model/DTO/NaveDTO.java
/Users/sophiaaristizabal/Documents/GitHub/SPProyectoWeb/spaceinvaders/src/main/java/com/example/spaceinvaders/controller/ProductoController.java
/Users/sophiaaristizabal/Documents/GitHub/SPProyectoWeb/spaceinvaders/src/main/java/com/example/spaceinvaders/services/TipoNaveService.java
/Users/sophiaaristizabal/Documents/GitHub/SPProyectoWeb/spaceinvaders/src/main/java/com/example/spaceinvaders/controller/AvatarController.java
/Users/sophiaaristizabal/Documents/GitHub/SPProyectoWeb/spaceinvaders/src/main/java/com/example/spaceinvaders/controller/olds/StockProductoControllerOld.java
/Users/sophiaaristizabal/Documents/GitHub/SPProyectoWeb/spaceinvaders/src/main/java/com/example/spaceinvaders/controller/olds/TipoNaveControllerOld.java
